/test/enfer.html game/enfer-schema.html
/images/icon-status-current.svg images/icon-status-current.svg
/images/icon-status-failure.svg images/icon-status-failure.svg
/images/icon-status-success.svg images/icon-status-success.svg
/images/more-leaves-on-green.png images/more-leaves-on-green.png
/images/icon-strong-none.svg images/icon-strong-none.svg
/images/icon-order.svg images/icon-order.svg
/images/icon-order-reversed.svg images/icon-order-reversed.svg
/images/uno/cards/zero.svg images/uno/cards/zero.svg
/images/uno/cards/one.svg images/uno/cards/one.svg
/images/uno/cards/two.svg images/uno/cards/two.svg
/images/uno/cards/three.svg images/uno/cards/three.svg
/images/uno/cards/four.svg images/uno/cards/four.svg
/images/uno/cards/five.svg images/uno/cards/five.svg
/images/uno/cards/six.svg images/uno/cards/six.svg
/images/uno/cards/seven.svg images/uno/cards/seven.svg
/images/uno/cards/eight.svg images/uno/cards/eight.svg
/images/uno/cards/nine.svg images/uno/cards/nine.svg
/images/uno/cards/skip.svg images/uno/cards/skip.svg
/images/uno/cards/reverse.svg images/uno/cards/reverse.svg
/images/uno/cards/plus2.svg images/uno/cards/plus2.svg
/images/uno/cards/wildcards.svg images/uno/cards/wildcards.svg
/test/uno.html game/uno-schema.html